// Jest Snapshot v1, https://goo.gl/fbAQLP

exports[`LoserOverlayView Component. Matches snapshot. 1`] = `
<div
  className="foobar"
>
  <h2>
    Losers
  </h2>
  <div
    classNames={
      Object {
        "enter": "",
        "enterActive": "foobar__loser--entering",
        "enterDone": "foobar__loser--entered",
        "exit": "",
        "exitActive": "foobar__loser--exiting",
        "exitDone": "foobar__loser--exited",
      }
    }
    in={false}
    mountOnEnter={true}
    onEntered={[Function]}
    onExited={[Function]}
    timeout={200}
    unmountOnExit={true}
  >
    <div
      className="foobar__loser"
      style={
        Object {
          "transition": "opacity 200ms ease-in-out",
        }
      }
    >
      <div
        className="participant participant-card"
      >
        <div
          className="participant-card__avatar"
        >
          <img
            alt="foobar-1"
            src="foobar-1"
          />
        </div>
        <div
          className="participant-card__name"
        >
          <strong>
            Fozbaz 1
          </strong>
        </div>
      </div>
    </div>
  </div>
  <div
    classNames={
      Object {
        "enter": "",
        "enterActive": "foobar__loser--entering",
        "enterDone": "foobar__loser--entered",
        "exit": "",
        "exitActive": "foobar__loser--exiting",
        "exitDone": "foobar__loser--exited",
      }
    }
    in={false}
    mountOnEnter={true}
    onEntered={[Function]}
    onExited={[Function]}
    timeout={200}
    unmountOnExit={true}
  >
    <div
      className="foobar__loser"
      style={
        Object {
          "transition": "opacity 200ms ease-in-out",
        }
      }
    >
      <div
        className="participant participant-card"
      >
        <div
          className="participant-card__avatar"
        >
          <img
            alt="foobar-2"
            src="foobar-2"
          />
        </div>
        <div
          className="participant-card__name"
        >
          <strong>
            Fozbaz 2
          </strong>
        </div>
      </div>
    </div>
  </div>
  <div
    classNames={
      Object {
        "enter": "",
        "enterActive": "foobar__loser--entering",
        "enterDone": "foobar__loser--entered",
        "exit": "",
        "exitActive": "foobar__loser--exiting",
        "exitDone": "foobar__loser--exited",
      }
    }
    in={false}
    mountOnEnter={true}
    onEntered={[Function]}
    onExited={[Function]}
    timeout={200}
    unmountOnExit={true}
  >
    <div
      className="foobar__loser"
      style={
        Object {
          "transition": "opacity 200ms ease-in-out",
        }
      }
    >
      <div
        className="participant participant-card"
      >
        <div
          className="participant-card__avatar"
        >
          <img
            alt="foobar-3"
            src="foobar-3"
          />
        </div>
        <div
          className="participant-card__name"
        >
          <strong>
            Fozbaz 3
          </strong>
        </div>
      </div>
    </div>
  </div>
  <div
    classNames={
      Object {
        "enter": "",
        "enterActive": "foobar__loser--entering",
        "enterDone": "foobar__loser--entered",
        "exit": "",
        "exitActive": "foobar__loser--exiting",
        "exitDone": "foobar__loser--exited",
      }
    }
    in={false}
    mountOnEnter={true}
    onEntered={[Function]}
    onExited={[Function]}
    timeout={200}
    unmountOnExit={true}
  >
    <div
      className="foobar__loser"
      style={
        Object {
          "transition": "opacity 200ms ease-in-out",
        }
      }
    >
      <div
        className="participant participant-card"
      >
        <div
          className="participant-card__avatar"
        >
          <img
            alt="foobar-4"
            src="foobar-4"
          />
        </div>
        <div
          className="participant-card__name"
        >
          <strong>
            Fozbaz 4
          </strong>
        </div>
      </div>
    </div>
  </div>
</div>
`;
