// Jest Snapshot v1, https://goo.gl/fbAQLP

exports[`MatchParticipantList Component. Roundes snapshot. 1`] = `
<div
  className="foobar__list"
>
  <div
    className="participant participant-entry"
  >
    <div
      className="participant-entry__avatar"
    >
      <img
        alt="barfoo-1"
        src="foobar-1"
      />
    </div>
    <div
      className="participant-entry__name"
    >
      <strong>
        Fozbaz 1
      </strong>
    </div>
  </div>
  <div
    className="participant participant-entry"
  >
    <div
      className="participant-entry__avatar"
    >
      <img
        alt="barfoo-2"
        src="foobar-2"
      />
    </div>
    <div
      className="participant-entry__name"
    >
      <strong>
        Fozbaz 2
      </strong>
    </div>
  </div>
</div>
`;
