// Jest Snapshot v1, https://goo.gl/fbAQLP

exports[`ParticipantEntry Component. Matches snapshot. 1`] = `
<div
  className="participant participant-entry"
>
  <div
    className="participant-entry__avatar"
  >
    <img
      alt="foobar-1"
      src="foobar-1"
    />
  </div>
  <div
    className="participant-entry__name"
  >
    <strong>
      Fozbaz 1
    </strong>
  </div>
</div>
`;
