// Jest Snapshot v1, https://goo.gl/fbAQLP

exports[`SpeedControl Component. Matches snapshot. 1`] = `
<div
  className="speed-control"
>
  <button
    className="speed-control__option button-primary"
    onClick={[Function]}
  >
    1x
  </button>
  <button
    className="speed-control__option"
    onClick={[Function]}
  >
    2x
  </button>
  <button
    className="speed-control__option"
    onClick={[Function]}
  >
    3x
  </button>
  <button
    className="speed-control__option"
    onClick={[Function]}
  >
    4x
  </button>
  <button
    className="speed-control__option"
    onClick={[Function]}
  >
    5x
  </button>
</div>
`;
