// Jest Snapshot v1, https://goo.gl/fbAQLP

exports[`ParticipantCard Component. Matches snapshot. 1`] = `
<div
  className="participant-card"
>
  <div
    className="participant-card__avatar"
  >
    <img
      alt="barfoo"
      src="foobar"
    />
  </div>
  <div
    className="participant-card__name"
  >
    <strong>
      fozbaz
    </strong>
  </div>
</div>
`;
