// Jest Snapshot v1, https://goo.gl/fbAQLP

exports[`RoundView Component. Roundes snapshot. 1`] = `
<div
  classNames={
    Object {
      "enter": "",
      "enterActive": "round--entering",
      "enterDone": "round--entered",
      "exit": "",
      "exitActive": "round--exiting",
      "exitDone": "round--exited",
    }
  }
  in={true}
  mountOnEnter={true}
  onExited={[Function]}
  timeout={500}
  unmountOnExit={true}
>
  <div
    className="round"
    style={
      Object {
        "transition": "opacity 500ms ease-in-out",
      }
    }
  >
    <h2>
      Round 1
    </h2>
    <div
      className="round__list"
    >
      <div
        classNames={
          Object {
            "enter": "",
            "enterActive": "match--entering",
            "enterDone": "match--entered",
            "exit": "",
            "exitActive": "match--exiting",
            "exitDone": "match--exited",
          }
        }
        in={true}
        mountOnEnter={true}
        onEntering={[Function]}
        onExited={[Function]}
        timeout={500}
        unmountOnExit={true}
      >
        <div
          className="match"
          style={
            Object {
              "transition": "opacity 500ms ease-in-out",
            }
          }
        >
          <div
            className="match__list"
          >
            <div
              className="participant participant-entry"
            >
              <div
                className="participant-entry__avatar"
              >
                <img
                  alt="barfoo-6"
                  src="foobar-6"
                />
              </div>
              <div
                className="participant-entry__name"
              >
                <strong>
                  Fozbaz 6
                </strong>
              </div>
            </div>
            <div
              className="participant participant-entry"
            >
              <div
                className="participant-entry__avatar"
              >
                <img
                  alt="barfoo-4"
                  src="foobar-4"
                />
              </div>
              <div
                className="participant-entry__name"
              >
                <strong>
                  Fozbaz 4
                </strong>
              </div>
            </div>
          </div>
          <div
            classNames={
              Object {
                "enter": "",
                "enterActive": "match__interim--entering",
                "enterDone": "match__interim--entered",
                "exit": "",
                "exitActive": "match__interim--exiting",
                "exitDone": "match__interim--exited",
              }
            }
            in={false}
            mountOnEnter={true}
            onEntered={[Function]}
            onExited={[Function]}
            timeout={200}
            unmountOnExit={true}
          >
            <div
              className="match__interim"
              style={
                Object {
                  "transition": "opacity 200ms ease-in-out",
                }
              }
            >
              <div
                className="participant participant-entry"
              >
                <div
                  className="participant-entry__avatar"
                >
                  <img
                    alt="barfoo-6"
                    src="foobar-6"
                  />
                </div>
                <div
                  className="participant-entry__name"
                >
                  <strong>
                    Fozbaz 6
                  </strong>
                </div>
              </div>
            </div>
          </div>
          <div
            classNames={
              Object {
                "enter": "",
                "enterActive": "match__interim--entering",
                "enterDone": "match__interim--entered",
                "exit": "",
                "exitActive": "match__interim--exiting",
                "exitDone": "match__interim--exited",
              }
            }
            in={false}
            mountOnEnter={true}
            onEntered={[Function]}
            onExited={[Function]}
            timeout={200}
            unmountOnExit={true}
          >
            <div
              className="match__interim"
              style={
                Object {
                  "transition": "opacity 200ms ease-in-out",
                }
              }
            >
              <div
                className="participant participant-entry"
              >
                <div
                  className="participant-entry__avatar"
                >
                  <img
                    alt="barfoo-4"
                    src="foobar-4"
                  />
                </div>
                <div
                  className="participant-entry__name"
                >
                  <strong>
                    Fozbaz 4
                  </strong>
                </div>
              </div>
            </div>
          </div>
          <div
            classNames={
              Object {
                "enter": "",
                "enterActive": "match__winner--entering",
                "enterDone": "match__winner--entered",
                "exit": "",
                "exitActive": "match__winner--exiting",
                "exitDone": "match__winner--exited",
              }
            }
            in={false}
            mountOnEnter={true}
            onEntered={[Function]}
            timeout={200}
            unmountOnExit={true}
          >
            <div
              className="match__winner"
              style={
                Object {
                  "transition": "opacity 200ms ease-in-out",
                }
              }
            >
              <div
                className="participant participant-entry"
              >
                <div
                  className="participant-entry__avatar"
                >
                  <img
                    alt="barfoo-4"
                    src="foobar-4"
                  />
                </div>
                <div
                  className="participant-entry__name"
                >
                  <strong>
                    Fozbaz 4
                  </strong>
                </div>
              </div>
            </div>
          </div>
        </div>
      </div>
    </div>
  </div>
</div>
`;
