// Jest Snapshot v1, https://goo.gl/fbAQLP

exports[`RoundMatchListView Component. Roundes snapshot. 1`] = `
<div
  className="foobar__list"
>
  <div
    classNames={
      Object {
        "enter": "",
        "enterActive": "match--entering",
        "enterDone": "match--entered",
        "exit": "",
        "exitActive": "match--exiting",
        "exitDone": "match--exited",
      }
    }
    in={false}
    mountOnEnter={true}
    onEntering={[Function]}
    onExited={[Function]}
    timeout={500}
    unmountOnExit={true}
  >
    <div
      className="match"
      style={
        Object {
          "transition": "opacity 500ms ease-in-out",
        }
      }
    >
      <div
        className="match__list"
      >
        <div
          className="participant participant-entry"
        >
          <div
            className="participant-entry__avatar"
          >
            <img
              alt="foobar-1"
              src="foobar-1"
            />
          </div>
          <div
            className="participant-entry__name"
          >
            <strong>
              Fozbaz 1
            </strong>
          </div>
        </div>
        <div
          className="participant participant-entry"
        >
          <div
            className="participant-entry__avatar"
          >
            <img
              alt="foobar-2"
              src="foobar-2"
            />
          </div>
          <div
            className="participant-entry__name"
          >
            <strong>
              Fozbaz 2
            </strong>
          </div>
        </div>
      </div>
      <div
        classNames={
          Object {
            "enter": "",
            "enterActive": "match__interim--entering",
            "enterDone": "match__interim--entered",
            "exit": "",
            "exitActive": "match__interim--exiting",
            "exitDone": "match__interim--exited",
          }
        }
        in={false}
        mountOnEnter={true}
        onEntered={[Function]}
        onExited={[Function]}
        timeout={200}
        unmountOnExit={true}
      >
        <div
          className="match__interim"
          style={
            Object {
              "transition": "opacity 200ms ease-in-out",
            }
          }
        >
          <div
            className="participant participant-entry"
          >
            <div
              className="participant-entry__avatar"
            >
              <img
                alt="foobar-1"
                src="foobar-1"
              />
            </div>
            <div
              className="participant-entry__name"
            >
              <strong>
                Fozbaz 1
              </strong>
            </div>
          </div>
        </div>
      </div>
      <div
        classNames={
          Object {
            "enter": "",
            "enterActive": "match__interim--entering",
            "enterDone": "match__interim--entered",
            "exit": "",
            "exitActive": "match__interim--exiting",
            "exitDone": "match__interim--exited",
          }
        }
        in={false}
        mountOnEnter={true}
        onEntered={[Function]}
        onExited={[Function]}
        timeout={200}
        unmountOnExit={true}
      >
        <div
          className="match__interim"
          style={
            Object {
              "transition": "opacity 200ms ease-in-out",
            }
          }
        >
          <div
            className="participant participant-entry"
          >
            <div
              className="participant-entry__avatar"
            >
              <img
                alt="foobar-2"
                src="foobar-2"
              />
            </div>
            <div
              className="participant-entry__name"
            >
              <strong>
                Fozbaz 2
              </strong>
            </div>
          </div>
        </div>
      </div>
      <div
        classNames={
          Object {
            "enter": "",
            "enterActive": "match-overlay-wrapper--entering",
            "enterDone": "match-overlay-wrapper--entered",
            "exit": "",
            "exitActive": "match-overlay-wrapper--exiting",
            "exitDone": "match-overlay-wrapper--exited",
          }
        }
        in={false}
        mountOnEnter={true}
        onExited={[Function]}
        timeout={500}
        unmountOnExit={true}
      >
        <div
          className="match-overlay-wrapper"
          style={
            Object {
              "transition": "opacity 500ms ease-in-out",
            }
          }
        >
          <div
            className="match-overlay"
          >
            <div
              className="match-overlay__list"
            >
              <div>
                <div
                  className="participant participant-card participant--invert"
                >
                  <div
                    className="participant-card__avatar"
                  >
                    <img
                      alt="foobar-1"
                      src="foobar-1"
                    />
                  </div>
                  <div
                    className="participant-card__name"
                  >
                    <strong>
                      Fozbaz 1
                    </strong>
                  </div>
                </div>
              </div>
              <h3
                className="versus-text"
              >
                VS
              </h3>
              <div>
                <div
                  className="participant participant-card participant--invert"
                >
                  <div
                    className="participant-card__avatar"
                  >
                    <img
                      alt="foobar-2"
                      src="foobar-2"
                    />
                  </div>
                  <div
                    className="participant-card__name"
                  >
                    <strong>
                      Fozbaz 2
                    </strong>
                  </div>
                </div>
              </div>
            </div>
            <div
              classNames={
                Object {
                  "enter": "",
                  "enterActive": "match-overlay__interim--entering",
                  "enterDone": "match-overlay__interim--entered",
                  "exit": "",
                  "exitActive": "match-overlay__interim--exiting",
                  "exitDone": "match-overlay__interim--exited",
                }
              }
              in={false}
              mountOnEnter={true}
              onEntered={[Function]}
              onExited={[Function]}
              timeout={500}
              unmountOnExit={true}
            >
              <div
                className="match-overlay__interim"
                style={
                  Object {
                    "transition": "opacity 500ms ease-in-out",
                  }
                }
              >
                <h3>
                  Selecting Winner
                </h3>
                <div
                  className="css-1au5pt8-style-style"
                />
              </div>
            </div>
            <div
              classNames={
                Object {
                  "enter": "",
                  "enterActive": "match-overlay__winner--entering",
                  "enterDone": "match-overlay__winner--entered",
                  "exit": "",
                  "exitActive": "match-overlay__winner--exiting",
                  "exitDone": "match-overlay__winner--exited",
                }
              }
              in={false}
              mountOnEnter={true}
              onEntered={[Function]}
              timeout={500}
              unmountOnExit={true}
            >
              <div
                className="match-overlay__winner"
                style={
                  Object {
                    "transition": "opacity 500ms ease-in-out",
                  }
                }
              >
                <div
                  className="participant participant-entry"
                >
                  <div
                    className="participant-entry__avatar"
                  >
                    <img
                      alt="foobar-1"
                      src="foobar-1"
                    />
                  </div>
                  <div
                    className="participant-entry__name"
                  >
                    <strong>
                      Fozbaz 1
                    </strong>
                  </div>
                </div>
                <h3>
                  Won The Match!
                </h3>
                <h5>
                  <strong>
                    <em>
                      formatted foobar message
                    </em>
                  </strong>
                </h5>
              </div>
            </div>
          </div>
        </div>
      </div>
    </div>
  </div>
</div>
`;
