// Jest Snapshot v1, https://goo.gl/fbAQLP

exports[`WinnerOverlayWrapper Component. Matches snapshot. 1`] = `
<div
  className="winner-overlay-wrapper"
  style={
    Object {
      "transition": "opacity 500ms ease-in-out",
    }
  }
>
  <div
    className="winner-overlay"
  >
    <div
      className="winner-overlay__winner"
    >
      <div
        className="participant participant-card"
      >
        <div
          className="participant-card__avatar"
        >
          <img
            alt="barfoo-0"
            src="foobar-0"
          />
        </div>
        <div
          className="participant-card__name"
        >
          <strong>
            Fozbaz 0
          </strong>
        </div>
      </div>
      <h3>
        Won The Giveaway!
      </h3>
    </div>
  </div>
</div>
`;
