// Jest Snapshot v1, https://goo.gl/fbAQLP

exports[`WinnerInfo Component. Matches snapshot. 1`] = `
<div
  className="foobar__winner"
>
  <div
    className="participant participant-card"
  >
    <div
      className="participant-card__avatar"
    >
      <img
        alt="fozbaz-0"
        src="https://api.adorable.io/avatars/480/fozbaz-0"
      />
    </div>
    <div
      className="participant-card__name"
    >
      <strong>
        Fozbaz 0
      </strong>
    </div>
  </div>
  <h3>
    Won The Tournament!
  </h3>
</div>
`;
