// Jest Snapshot v1, https://goo.gl/fbAQLP

exports[`WinnerOverlay Component. Matches snapshot. 1`] = `
<div
  classNames={
    Object {
      "enter": "",
      "enterActive": "winner-overlay-wrapper--entering",
      "enterDone": "winner-overlay-wrapper--entered",
      "exit": "",
      "exitActive": "winner-overlay-wrapper--exiting",
      "exitDone": "winner-overlay-wrapper--exited",
    }
  }
  in={false}
  mountOnEnter={true}
  timeout={500}
  unmountOnExit={true}
>
  <div
    className="winner-overlay-wrapper"
    style={
      Object {
        "transition": "opacity 500ms ease-in-out",
      }
    }
  >
    <div
      className="winner-overlay"
    >
      <div
        className="winner-overlay__winner"
      >
        <div
          className="participant participant-card"
        >
          <div
            className="participant-card__avatar"
          >
            <img
              alt="fozbaz-1"
              src="https://api.adorable.io/avatars/480/fozbaz-1"
            />
          </div>
          <div
            className="participant-card__name"
          >
            <strong>
              Fozbaz 1
            </strong>
          </div>
        </div>
        <h3>
          Won The Tournament!
        </h3>
      </div>
    </div>
  </div>
</div>
`;
