// Jest Snapshot v1, https://goo.gl/fbAQLP

exports[`AppRouter Component. Matches snapshot. 1`] = `
<div>
  <div
    exact={true}
    path="/round/:roundId/match/:matchId"
    render={[Function]}
  />
  <div
    exact={true}
    path="/round/:roundId"
    render={[Function]}
  />
  <div
    exact={true}
    path="*"
    render={[Function]}
  />
</div>
`;
